// Jest Snapshot v1, https://goo.gl/fbAQLP

exports[`Dashboard Component should match the snapshot 1`] = `
<Provider
  store={
    Object {
      "dispatch": [Function],
      "getState": [Function],
      "replaceReducer": [Function],
      "subscribe": [Function],
      Symbol(observable): [Function],
    }
  }
>
  <Container
    className="dashboard"
    fluid={false}
  >
    <ForwardRef
      noGutters={false}
    >
      <Col
        className="side-section"
        sm={2}
      >
        <SideMenu />
      </Col>
      <Col
        className="content-section"
        sm={10}
      >
        <BrowserRouter>
          <Switch>
            <Route
              component={
                Object {
                  "$$typeof": Symbol(react.memo),
                  "WrappedComponent": [Function],
                  "compare": null,
                  "displayName": "Connect(InboxMessages)",
                  "type": [Function],
                }
              }
              exact={true}
              path="/dashboard/inbox"
            />
            <Route
              component={
                Object {
                  "$$typeof": Symbol(react.memo),
                  "WrappedComponent": [Function],
                  "compare": null,
                  "displayName": "Connect(SentMessages)",
                  "type": [Function],
                }
              }
              exact={true}
              path="/dashboard/sent"
            />
            <Route
              component={[Function]}
              exact={true}
              path="/dashboard/send"
            />
          </Switch>
        </BrowserRouter>
      </Col>
    </ForwardRef>
  </Container>
</Provider>
`;
